app/api/attendance/teachers/route.ts(15,33): error TS2339: Property 'teacherAttendance' does not exist on type 'PrismaClient<PrismaClientOptions, never, DefaultArgs>'.
app/api/school-admin/notifications/route.ts(3,10): error TS2305: Module '"@/lib/auth"' has no exported member 'authOptions'.
app/api/school-admin/notifications/route.ts(21,9): error TS2353: Object literal may only specify known properties, and 'title' does not exist in type '(Without<AnnouncementCreateInput, AnnouncementUncheckedCreateInput> & AnnouncementUncheckedCreateInput) | (Without<...> & AnnouncementCreateInput)'.
app/api/school-fees/route.ts(56,9): error TS2353: Object literal may only specify known properties, and 'class_id' does not exist in type 'Without<SchoolFeeCreateInput, SchoolFeeUncheckedCreateInput> & SchoolFeeUncheckedCreateInput'.
app/api/school-fees/route.ts(76,24): error TS2304: Cannot find name 'authorize'.
app/api/school-fees/route.ts(120,24): error TS2304: Cannot find name 'authorize'.
app/api/super-admin/notifications/route.ts(12,61): error TS2353: Object literal may only specify known properties, and 'isActive' does not exist in type 'SchoolWhereInput'.
app/api/super-admin/notifications/route.ts(22,7): error TS2322: Type '{ title: string; message: any; schoolId: string; audience: string; }[]' is not assignable to type 'AnnouncementCreateManyInput | AnnouncementCreateManyInput[]'.
  Type '{ title: string; message: any; schoolId: string; audience: string; }[]' is not assignable to type 'AnnouncementCreateManyInput[]'.
    Property 'created_by' is missing in type '{ title: string; message: any; schoolId: string; audience: string; }' but required in type 'AnnouncementCreateManyInput'.
app/api/super-admin/schools/status/route.ts(4,10): error TS2305: Module '"@/lib/auth"' has no exported member 'authOptions'.
app/api/super-admin/schools/status/route.ts(23,9): error TS2353: Object literal may only specify known properties, and 'isActive' does not exist in type '(Without<SchoolUpdateInput, SchoolUncheckedUpdateInput> & SchoolUncheckedUpdateInput) | (Without<...> & SchoolUpdateInput)'.
app/api/super-admin/schools/status/route.ts(29,11): error TS2353: Object literal may only specify known properties, and 'isActive' does not exist in type 'SchoolSelect<DefaultArgs>'.
app/api/teacher/my-attendance/route.ts(16,37): error TS2339: Property 'teacherAttendance' does not exist on type 'PrismaClient<PrismaClientOptions, never, DefaultArgs>'.
app/api/teacher/my-attendance/route.ts(43,33): error TS2339: Property 'teacherAttendance' does not exist on type 'PrismaClient<PrismaClientOptions, never, DefaultArgs>'.
app/dashboard/teacher/page.tsx(126,21): error TS2322: Type '{ hidden: { y: number; opacity: number; }; visible: { y: number; opacity: number; transition: { type: string; stiffness: number; damping: number; }; }; }' is not assignable to type 'Variants'.
  Property 'visible' is incompatible with index signature.
    Type '{ y: number; opacity: number; transition: { type: string; stiffness: number; damping: number; }; }' is not assignable to type 'Variant'.
      Type '{ y: number; opacity: number; transition: { type: string; stiffness: number; damping: number; }; }' is not assignable to type 'TargetAndTransition'.
        Type '{ y: number; opacity: number; transition: { type: string; stiffness: number; damping: number; }; }' is not assignable to type '{ transition?: Transition<any> | undefined; transitionEnd?: ResolvedValues$1 | undefined; }'.
          Types of property 'transition' are incompatible.
            Type '{ type: string; stiffness: number; damping: number; }' is not assignable to type 'Transition<any> | undefined'.
              Type '{ type: string; stiffness: number; damping: number; }' is not assignable to type 'TransitionWithValueOverrides<any>'.
                Type '{ type: string; stiffness: number; damping: number; }' is not assignable to type 'ValueAnimationTransition<any>'.
                  Types of property 'type' are incompatible.
                    Type 'string' is not assignable to type 'AnimationGeneratorType | undefined'.
app/dashboard/teacher/page.tsx(179,21): error TS2322: Type '{ hidden: { y: number; opacity: number; }; visible: { y: number; opacity: number; transition: { type: string; stiffness: number; damping: number; }; }; }' is not assignable to type 'Variants'.
  Property 'visible' is incompatible with index signature.
    Type '{ y: number; opacity: number; transition: { type: string; stiffness: number; damping: number; }; }' is not assignable to type 'Variant'.
      Type '{ y: number; opacity: number; transition: { type: string; stiffness: number; damping: number; }; }' is not assignable to type 'TargetAndTransition'.
        Type '{ y: number; opacity: number; transition: { type: string; stiffness: number; damping: number; }; }' is not assignable to type '{ transition?: Transition<any> | undefined; transitionEnd?: ResolvedValues$1 | undefined; }'.
          Types of property 'transition' are incompatible.
            Type '{ type: string; stiffness: number; damping: number; }' is not assignable to type 'Transition<any> | undefined'.
              Type '{ type: string; stiffness: number; damping: number; }' is not assignable to type 'TransitionWithValueOverrides<any>'.
                Type '{ type: string; stiffness: number; damping: number; }' is not assignable to type 'ValueAnimationTransition<any>'.
                  Types of property 'type' are incompatible.
                    Type 'string' is not assignable to type 'AnimationGeneratorType | undefined'.
app/dashboard/teacher/page.tsx(217,21): error TS2322: Type '{ hidden: { y: number; opacity: number; }; visible: { y: number; opacity: number; transition: { type: string; stiffness: number; damping: number; }; }; }' is not assignable to type 'Variants'.
  Property 'visible' is incompatible with index signature.
    Type '{ y: number; opacity: number; transition: { type: string; stiffness: number; damping: number; }; }' is not assignable to type 'Variant'.
      Type '{ y: number; opacity: number; transition: { type: string; stiffness: number; damping: number; }; }' is not assignable to type 'TargetAndTransition'.
        Type '{ y: number; opacity: number; transition: { type: string; stiffness: number; damping: number; }; }' is not assignable to type '{ transition?: Transition<any> | undefined; transitionEnd?: ResolvedValues$1 | undefined; }'.
          Types of property 'transition' are incompatible.
            Type '{ type: string; stiffness: number; damping: number; }' is not assignable to type 'Transition<any> | undefined'.
              Type '{ type: string; stiffness: number; damping: number; }' is not assignable to type 'TransitionWithValueOverrides<any>'.
                Type '{ type: string; stiffness: number; damping: number; }' is not assignable to type 'ValueAnimationTransition<any>'.
                  Types of property 'type' are incompatible.
                    Type 'string' is not assignable to type 'AnimationGeneratorType | undefined'.
